session: /home/khoa/.local/share/eidolon/sessions/1790727414140.eid
[policy] table: /home/khoa/.config/eidolon/policy.rn
[tool] /home/khoa/.config/eidolon/tools/bg.rn: script `bg` failed to compile:
error: Missing item {root}::::eidolon::bg_start
   ┌─ bg:38:33
   │
38 │             Some(cmd) => return eidolon::bg_start(cmd).await,
   │                                 ^^^^^^^^^^^^^^^^^ Missing item {root}::::eidolon::bg_start

→ read

→ read
  ↳ read      1	# Brief: v6 gesture data + retrain (popclick bindings)⏎     2	⏎     3	You are one worker. Do …
  ↳ read      1	#!/usr/bin/env bash⏎     2	# v6 queue (popclick bindings). One train + four predict/eval legs…

→ read
  ↳ read      1	     1	# Brief: v6 gesture data + retrain (popclick bindings)⏎     2	     2	⏎     3	     3	Yo…

→ read
  ↳ read      1	     1	     1	# Brief: v6 gesture data + retrain (popclick bindings)⏎     2	     2	     2	⏎  …

→ read
  ↳ read     18	## HARD RULES⏎    19	- No git commands at all. No sudo, no system installs, no pip/uv install…

→ read
  ↳ read     77	d) predict + evaluate the NEW checkpoint on data/v5's three tests (name v6-e5-small-e3-on-v5,…

→ bash

→ bash
  ↳ bash Filesystem      Size  Used Avail Use% Mounted on⏎/dev/nvme0n1p2  915G  596G  274G  69% /⏎---⏎-rw-r--…
  ↳ bash [exit code 1]⏎

→ bash

→ bash

→ bash

→ bash
  ↳ bash {⏎  "sweep-v6-e5-small-e3.test_iid.jsonl": {⏎    "n": 2000,⏎    "coverage": 1.0,⏎    "accuracy": 0.9…
  ↳ bash {"id": "test_iid-0", "probs": [0.0, 0.0, 0.0, 0.0, 0.0, 0.0, 0.0, 0.0, 0.0, 0.0, 0.0, 1.0, 0.0, 0.0,…
  ↳ bash """One-line summary of a vox.evaluate JSON file: sweeps/headline.py <eval.json> <key>."""⏎⏎import js…
  ↳ bash """Append one sweep run to sweeps/runs.jsonl.⏎⏎Metrics come from the per-test JSON written by `pytho…

→ bash

→ bash
  ↳ bash """Score any model's predictions against code labels, the same way for everyone.⏎⏎Prediction files a…
  ↳ bash {"context": "mode: listening\napp: Instagram (com.instagram.android)\nscreen: video feed; media play…

→ bash

→ bash
  ↳ bash 289:    torch.manual_seed(a.seed)⏎408:    ap.add_argument("train", help="training JSONL (or the spli…

? bash — chain contains flagged stage(s). Run it? [yes/no]
>   ↳ bash ERROR the user declined this tool call

→ bash
  ↳ bash {"name": "v6-e5-small-e3", "status": "ok", "data_version": "data/v6", "command": "python students/je…

→ write
  ↳ write created /home/khoa/VOX/finetune/sweeps/scratch/v6s2_queue.sh (2807 bytes)

→ bash

? bash — background command (&) blocked. Run it anyway? [yes/no]
>   ↳ bash ERROR the user declined this tool call

→ bash

? bash — background command (&) blocked. Run it anyway? [yes/no]
>   ↳ bash ERROR the user declined this tool call

→ bash

? bash — background command (&) blocked. Run it anyway? [yes/no]
>   ↳ bash ERROR the user declined this tool call
I'm being blocked from launching the training job — three attempts to `nohup` the queue script were declined. Before I keep going, can you tell me what you'd like me to change?

A few possibilities I'm wondering about:
- Do you want me to confirm the pinned env actually reports `"device": "cuda"` with a quick smoke check *before* committing to the full ~17-minute training run?
- Is there a concern with how I'm backgrounding it (nohup + `&`), and you'd prefer a different launch method?
- Is something else already running, or is there a reason to hold off on the training leg right now?

Let me know and I'll adjust. Meanwhile, the queue script is written at `sweeps/scratch/v6s2_queue.sh` (train `v6-e5-small-e3-s2` on `data/v6` with `--seed 11`, then predict+eval the three v6 test splits, then record the ledger row with the note), and nothing has been launched or modified in `data/` or `runs/`.

[in 211.5k out 5411 · 15 calls · $0.058]
[177.1 tok/s · first token 0.5s · 40s over 15 calls]
[context 21.6k/1.00M (2%) · session in 211.5k out 5411 (189.9k cached) · $0.058]
