[20:51:58] v6s3 queue start
[20:51:58] TRAIN v6-e5-small-e3-s11b (attempt 1): python students/jevlike/train.py data/v6/train.jsonl --validation data/v6/validation.jsonl --output runs/sweep-v6-e5-small-e3-s11b.pt --seed 11 --save-every-epoch --tie later
[21:08:51] TRAIN DONE v6-e5-small-e3-s11b in 1013s; {"checkpoint": "runs/sweep-v6-e5-small-e3-s11b.pt", "best_val_acc": 1.0, "selected_epoch": 3, "select": "acc", "train_rows_per_s": 119.5, "minutes": 16.7}
[21:09:18] evaluated v6-e5-small-e3-s11b test_iid: acc 0.998 ece 0.003 ftr 0.000 missed 0.000 {'app_rule': 1.0, 'cursor': 1.0, 'default': 1.0, 'disabled': 1.0, 'global_rule': 0.993, 'not_deliberate': 1.0, 'phrase': 1.0, 'phrase_rule': 0.981, 'screen_phrase': 1.0, 'sequence': 0.996, 'unbound': 1.0}
[21:09:53] evaluated v6-e5-small-e3-s11b test_unseen_phrasing: acc 0.999 ece 0.002 ftr 0.000 missed 0.000 {'app_rule': 1.0, 'cursor': 1.0, 'default': 1.0, 'disabled': 1.0, 'global_rule': 1.0, 'not_deliberate': 1.0, 'phrase': 0.987, 'phrase_rule': 1.0, 'screen_phrase': 0.994, 'sequence': 1.0, 'unbound': 1.0}
[21:10:24] evaluated v6-e5-small-e3-s11b test_unseen_apps: acc 0.999 ece 0.001 ftr 0.000 missed 0.000 {'app_rule': 1.0, 'cursor': 1.0, 'default': 1.0, 'disabled': 1.0, 'global_rule': 0.993, 'not_deliberate': 1.0, 'phrase': 1.0, 'phrase_rule': 1.0, 'screen_phrase': 1.0, 'sequence': 0.996, 'unbound': 1.0}
{"recorded": "v6-e5-small-e3-s11b", "unseen_phrasing_acc": 0.9985, "rows_in_runs_jsonl": 85}
[21:10:51] evaluated v6-e5-small-e3-s11b-e1 test_iid: acc 0.985 ece 0.009 ftr 0.027 missed 0.004 {'app_rule': 0.993, 'cursor': 0.98, 'default': 1.0, 'disabled': 1.0, 'global_rule': 1.0, 'not_deliberate': 1.0, 'phrase': 0.987, 'phrase_rule': 1.0, 'screen_phrase': 0.905, 'sequence': 0.992, 'unbound': 0.922}
[21:11:17] evaluated v6-e5-small-e3-s11b-e1 test_unseen_phrasing: acc 0.964 ece 0.013 ftr 0.016 missed 0.003 {'app_rule': 0.97, 'cursor': 0.996, 'default': 1.0, 'disabled': 1.0, 'global_rule': 0.987, 'not_deliberate': 1.0, 'phrase': 0.894, 'phrase_rule': 0.949, 'screen_phrase': 0.838, 'sequence': 0.969, 'unbound': 0.974}
[21:11:46] evaluated v6-e5-small-e3-s11b-e1 test_unseen_apps: acc 0.981 ece 0.005 ftr 0.011 missed 0.005 {'app_rule': 0.993, 'cursor': 0.986, 'default': 1.0, 'disabled': 1.0, 'global_rule': 0.987, 'not_deliberate': 1.0, 'phrase': 0.965, 'phrase_rule': 0.979, 'screen_phrase': 0.881, 'sequence': 0.992, 'unbound': 0.974}
{"recorded": "v6-e5-small-e3-s11b-e1", "unseen_phrasing_acc": 0.964, "rows_in_runs_jsonl": 86}
[21:12:13] evaluated v6-e5-small-e3-s11b-e2 test_iid: acc 0.997 ece 0.003 ftr 0.000 missed 0.000 {'app_rule': 0.996, 'cursor': 1.0, 'default': 1.0, 'disabled': 1.0, 'global_rule': 0.993, 'not_deliberate': 1.0, 'phrase': 1.0, 'phrase_rule': 0.981, 'screen_phrase': 1.0, 'sequence': 0.996, 'unbound': 1.0}
[21:12:39] evaluated v6-e5-small-e3-s11b-e2 test_unseen_phrasing: acc 0.997 ece 0.002 ftr 0.000 missed 0.000 {'app_rule': 1.0, 'cursor': 1.0, 'default': 1.0, 'disabled': 1.0, 'global_rule': 1.0, 'not_deliberate': 1.0, 'phrase': 0.974, 'phrase_rule': 1.0, 'screen_phrase': 0.994, 'sequence': 0.996, 'unbound': 1.0}
[21:13:07] evaluated v6-e5-small-e3-s11b-e2 test_unseen_apps: acc 0.998 ece 0.002 ftr 0.000 missed 0.000 {'app_rule': 1.0, 'cursor': 1.0, 'default': 1.0, 'disabled': 1.0, 'global_rule': 0.993, 'not_deliberate': 1.0, 'phrase': 1.0, 'phrase_rule': 1.0, 'screen_phrase': 1.0, 'sequence': 0.988, 'unbound': 1.0}
{"recorded": "v6-e5-small-e3-s11b-e2", "unseen_phrasing_acc": 0.997, "rows_in_runs_jsonl": 87}
[21:13:34] evaluated v6-e5-small-e3-s11b-e3 test_iid: acc 0.998 ece 0.003 ftr 0.000 missed 0.000 {'app_rule': 1.0, 'cursor': 1.0, 'default': 1.0, 'disabled': 1.0, 'global_rule': 0.993, 'not_deliberate': 1.0, 'phrase': 1.0, 'phrase_rule': 0.981, 'screen_phrase': 1.0, 'sequence': 0.996, 'unbound': 1.0}
[21:14:00] evaluated v6-e5-small-e3-s11b-e3 test_unseen_phrasing: acc 0.999 ece 0.002 ftr 0.000 missed 0.000 {'app_rule': 1.0, 'cursor': 1.0, 'default': 1.0, 'disabled': 1.0, 'global_rule': 1.0, 'not_deliberate': 1.0, 'phrase': 0.987, 'phrase_rule': 1.0, 'screen_phrase': 0.994, 'sequence': 1.0, 'unbound': 1.0}
[21:14:26] evaluated v6-e5-small-e3-s11b-e3 test_unseen_apps: acc 0.999 ece 0.001 ftr 0.000 missed 0.000 {'app_rule': 1.0, 'cursor': 1.0, 'default': 1.0, 'disabled': 1.0, 'global_rule': 0.993, 'not_deliberate': 1.0, 'phrase': 1.0, 'phrase_rule': 1.0, 'screen_phrase': 1.0, 'sequence': 0.996, 'unbound': 1.0}
{"recorded": "v6-e5-small-e3-s11b-e3", "unseen_phrasing_acc": 0.9985, "rows_in_runs_jsonl": 88}
[21:14:26] v6s3 queue done
